// Jest Snapshot v1, https://goo.gl/fbAQLP

exports[`SingOutButton should match Snapshot 1`] = `
ShallowWrapper {
  Symbol(enzyme.__root__): [Circular],
  Symbol(enzyme.__unrendered__): <Unknown
    signOutUser={[Function]}
/>,
  Symbol(enzyme.__renderer__): Object {
    "batchedUpdates": [Function],
    "getNode": [Function],
    "render": [Function],
    "simulateError": [Function],
    "simulateEvent": [Function],
    "unmount": [Function],
  },
  Symbol(enzyme.__node__): Object {
    "instance": null,
    "key": undefined,
    "nodeType": "host",
    "props": Object {
      "children": Array [
        <h3
          className="title"
>
          To sign out...
</h3>,
        <button
          className="button"
          onClick={[Function]}
          type="button"
>
          Sign Out
</button>,
      ],
      "className": "form",
      "id": "sign-out-container",
    },
    "ref": null,
    "rendered": Array [
      Object {
        "instance": null,
        "key": undefined,
        "nodeType": "host",
        "props": Object {
          "children": "To sign out...",
          "className": "title",
        },
        "ref": null,
        "rendered": "To sign out...",
        "type": "h3",
      },
      Object {
        "instance": null,
        "key": undefined,
        "nodeType": "host",
        "props": Object {
          "children": "Sign Out",
          "className": "button",
          "onClick": [Function],
          "type": "button",
        },
        "ref": null,
        "rendered": "Sign Out",
        "type": "button",
      },
    ],
    "type": "div",
  },
  Symbol(enzyme.__nodes__): Array [
    Object {
      "instance": null,
      "key": undefined,
      "nodeType": "host",
      "props": Object {
        "children": Array [
          <h3
            className="title"
>
            To sign out...
</h3>,
          <button
            className="button"
            onClick={[Function]}
            type="button"
>
            Sign Out
</button>,
        ],
        "className": "form",
        "id": "sign-out-container",
      },
      "ref": null,
      "rendered": Array [
        Object {
          "instance": null,
          "key": undefined,
          "nodeType": "host",
          "props": Object {
            "children": "To sign out...",
            "className": "title",
          },
          "ref": null,
          "rendered": "To sign out...",
          "type": "h3",
        },
        Object {
          "instance": null,
          "key": undefined,
          "nodeType": "host",
          "props": Object {
            "children": "Sign Out",
            "className": "button",
            "onClick": [Function],
            "type": "button",
          },
          "ref": null,
          "rendered": "Sign Out",
          "type": "button",
        },
      ],
      "type": "div",
    },
  ],
  Symbol(enzyme.__options__): Object {
    "adapter": ReactSixteenAdapter {
      "options": Object {
        "enableComponentDidUpdateOnSetState": true,
        "lifecycles": Object {
          "componentDidUpdate": Object {
            "onSetState": true,
          },
          "getDerivedStateFromProps": true,
          "getSnapshotBeforeUpdate": true,
          "setState": Object {
            "skipsComponentDidUpdateOnNullish": true,
          },
        },
      },
    },
    "attachTo": undefined,
    "hydrateIn": undefined,
  },
}
`;
