// Jest Snapshot v1, https://goo.gl/fbAQLP

exports[`SignUpPage should match Snapshot 1`] = `
ShallowWrapper {
  Symbol(enzyme.__root__): [Circular],
  Symbol(enzyme.__unrendered__): <SignUpPage
    history={
        Object {
            "push": [Function],
          }
    }
    signUpThunk={[Function]}
/>,
  Symbol(enzyme.__renderer__): Object {
    "batchedUpdates": [Function],
    "getNode": [Function],
    "render": [Function],
    "simulateError": [Function],
    "simulateEvent": [Function],
    "unmount": [Function],
  },
  Symbol(enzyme.__node__): Object {
    "instance": null,
    "key": undefined,
    "nodeType": "host",
    "props": Object {
      "children": Array [
        <form
          onSubmit={[Function]}
>
          <input
                    name="username"
                    onChange={[Function]}
                    placeholder="Full Name"
                    type="text"
                    value=""
          />
          <input
                    name="email"
                    onChange={[Function]}
                    placeholder="Email Address"
                    type="email"
                    value=""
          />
          <input
                    name="passwordOne"
                    onChange={[Function]}
                    placeholder="Password"
                    type="password"
                    value=""
          />
          <input
                    name="passwordTwo"
                    onChange={[Function]}
                    placeholder="Confirm Password"
                    type="password"
                    value=""
          />
          <button
                    disabled={true}
                    type="submit"
          >
                    Sign Up
          </button>
</form>,
        <Unknown />,
      ],
      "className": "sign-up-container",
    },
    "ref": null,
    "rendered": Array [
      Object {
        "instance": null,
        "key": undefined,
        "nodeType": "host",
        "props": Object {
          "children": Array [
            <input
              name="username"
              onChange={[Function]}
              placeholder="Full Name"
              type="text"
              value=""
/>,
            <input
              name="email"
              onChange={[Function]}
              placeholder="Email Address"
              type="email"
              value=""
/>,
            <input
              name="passwordOne"
              onChange={[Function]}
              placeholder="Password"
              type="password"
              value=""
/>,
            <input
              name="passwordTwo"
              onChange={[Function]}
              placeholder="Confirm Password"
              type="password"
              value=""
/>,
            <button
              disabled={true}
              type="submit"
>
              Sign Up
</button>,
            null,
          ],
          "onSubmit": [Function],
        },
        "ref": null,
        "rendered": Array [
          Object {
            "instance": null,
            "key": undefined,
            "nodeType": "host",
            "props": Object {
              "name": "username",
              "onChange": [Function],
              "placeholder": "Full Name",
              "type": "text",
              "value": "",
            },
            "ref": null,
            "rendered": null,
            "type": "input",
          },
          Object {
            "instance": null,
            "key": undefined,
            "nodeType": "host",
            "props": Object {
              "name": "email",
              "onChange": [Function],
              "placeholder": "Email Address",
              "type": "email",
              "value": "",
            },
            "ref": null,
            "rendered": null,
            "type": "input",
          },
          Object {
            "instance": null,
            "key": undefined,
            "nodeType": "host",
            "props": Object {
              "name": "passwordOne",
              "onChange": [Function],
              "placeholder": "Password",
              "type": "password",
              "value": "",
            },
            "ref": null,
            "rendered": null,
            "type": "input",
          },
          Object {
            "instance": null,
            "key": undefined,
            "nodeType": "host",
            "props": Object {
              "name": "passwordTwo",
              "onChange": [Function],
              "placeholder": "Confirm Password",
              "type": "password",
              "value": "",
            },
            "ref": null,
            "rendered": null,
            "type": "input",
          },
          Object {
            "instance": null,
            "key": undefined,
            "nodeType": "host",
            "props": Object {
              "children": "Sign Up",
              "disabled": true,
              "type": "submit",
            },
            "ref": null,
            "rendered": "Sign Up",
            "type": "button",
          },
          null,
        ],
        "type": "form",
      },
      Object {
        "instance": null,
        "key": undefined,
        "nodeType": "function",
        "props": Object {},
        "ref": null,
        "rendered": null,
        "type": [Function],
      },
    ],
    "type": "div",
  },
  Symbol(enzyme.__nodes__): Array [
    Object {
      "instance": null,
      "key": undefined,
      "nodeType": "host",
      "props": Object {
        "children": Array [
          <form
            onSubmit={[Function]}
>
            <input
                        name="username"
                        onChange={[Function]}
                        placeholder="Full Name"
                        type="text"
                        value=""
            />
            <input
                        name="email"
                        onChange={[Function]}
                        placeholder="Email Address"
                        type="email"
                        value=""
            />
            <input
                        name="passwordOne"
                        onChange={[Function]}
                        placeholder="Password"
                        type="password"
                        value=""
            />
            <input
                        name="passwordTwo"
                        onChange={[Function]}
                        placeholder="Confirm Password"
                        type="password"
                        value=""
            />
            <button
                        disabled={true}
                        type="submit"
            >
                        Sign Up
            </button>
</form>,
          <Unknown />,
        ],
        "className": "sign-up-container",
      },
      "ref": null,
      "rendered": Array [
        Object {
          "instance": null,
          "key": undefined,
          "nodeType": "host",
          "props": Object {
            "children": Array [
              <input
                name="username"
                onChange={[Function]}
                placeholder="Full Name"
                type="text"
                value=""
/>,
              <input
                name="email"
                onChange={[Function]}
                placeholder="Email Address"
                type="email"
                value=""
/>,
              <input
                name="passwordOne"
                onChange={[Function]}
                placeholder="Password"
                type="password"
                value=""
/>,
              <input
                name="passwordTwo"
                onChange={[Function]}
                placeholder="Confirm Password"
                type="password"
                value=""
/>,
              <button
                disabled={true}
                type="submit"
>
                Sign Up
</button>,
              null,
            ],
            "onSubmit": [Function],
          },
          "ref": null,
          "rendered": Array [
            Object {
              "instance": null,
              "key": undefined,
              "nodeType": "host",
              "props": Object {
                "name": "username",
                "onChange": [Function],
                "placeholder": "Full Name",
                "type": "text",
                "value": "",
              },
              "ref": null,
              "rendered": null,
              "type": "input",
            },
            Object {
              "instance": null,
              "key": undefined,
              "nodeType": "host",
              "props": Object {
                "name": "email",
                "onChange": [Function],
                "placeholder": "Email Address",
                "type": "email",
                "value": "",
              },
              "ref": null,
              "rendered": null,
              "type": "input",
            },
            Object {
              "instance": null,
              "key": undefined,
              "nodeType": "host",
              "props": Object {
                "name": "passwordOne",
                "onChange": [Function],
                "placeholder": "Password",
                "type": "password",
                "value": "",
              },
              "ref": null,
              "rendered": null,
              "type": "input",
            },
            Object {
              "instance": null,
              "key": undefined,
              "nodeType": "host",
              "props": Object {
                "name": "passwordTwo",
                "onChange": [Function],
                "placeholder": "Confirm Password",
                "type": "password",
                "value": "",
              },
              "ref": null,
              "rendered": null,
              "type": "input",
            },
            Object {
              "instance": null,
              "key": undefined,
              "nodeType": "host",
              "props": Object {
                "children": "Sign Up",
                "disabled": true,
                "type": "submit",
              },
              "ref": null,
              "rendered": "Sign Up",
              "type": "button",
            },
            null,
          ],
          "type": "form",
        },
        Object {
          "instance": null,
          "key": undefined,
          "nodeType": "function",
          "props": Object {},
          "ref": null,
          "rendered": null,
          "type": [Function],
        },
      ],
      "type": "div",
    },
  ],
  Symbol(enzyme.__options__): Object {
    "adapter": ReactSixteenAdapter {
      "options": Object {
        "enableComponentDidUpdateOnSetState": true,
        "lifecycles": Object {
          "componentDidUpdate": Object {
            "onSetState": true,
          },
          "getDerivedStateFromProps": true,
          "getSnapshotBeforeUpdate": true,
          "setState": Object {
            "skipsComponentDidUpdateOnNullish": true,
          },
        },
      },
    },
    "attachTo": undefined,
    "hydrateIn": undefined,
  },
}
`;
