// Jest Snapshot v1, https://goo.gl/fbAQLP

exports[`StartAddressInput should match snapshot 1`] = `
ShallowWrapper {
  Symbol(enzyme.__root__): [Circular],
  Symbol(enzyme.__unrendered__): <StartAddressInput />,
  Symbol(enzyme.__renderer__): Object {
    "batchedUpdates": [Function],
    "getNode": [Function],
    "render": [Function],
    "simulateError": [Function],
    "simulateEvent": [Function],
    "unmount": [Function],
  },
  Symbol(enzyme.__node__): Object {
    "instance": null,
    "key": undefined,
    "nodeType": "class",
    "props": Object {
      "children": [Function],
      "className": "start-address-input",
      "debounce": 200,
      "highlightFirstSuggestion": false,
      "name": "startAddress",
      "onChange": [Function],
      "onError": [Function],
      "onSelect": [Function],
      "searchOptions": Object {},
      "shouldFetchSuggestions": true,
      "value": "",
    },
    "ref": null,
    "rendered": [Function],
    "type": [Function],
  },
  Symbol(enzyme.__nodes__): Array [
    Object {
      "instance": null,
      "key": undefined,
      "nodeType": "class",
      "props": Object {
        "children": [Function],
        "className": "start-address-input",
        "debounce": 200,
        "highlightFirstSuggestion": false,
        "name": "startAddress",
        "onChange": [Function],
        "onError": [Function],
        "onSelect": [Function],
        "searchOptions": Object {},
        "shouldFetchSuggestions": true,
        "value": "",
      },
      "ref": null,
      "rendered": [Function],
      "type": [Function],
    },
  ],
  Symbol(enzyme.__options__): Object {
    "adapter": ReactSixteenAdapter {
      "options": Object {
        "enableComponentDidUpdateOnSetState": true,
        "lifecycles": Object {
          "componentDidUpdate": Object {
            "onSetState": true,
          },
          "getDerivedStateFromProps": true,
          "getSnapshotBeforeUpdate": true,
          "setState": Object {
            "skipsComponentDidUpdateOnNullish": true,
          },
        },
      },
    },
    "attachTo": undefined,
    "hydrateIn": undefined,
  },
}
`;
