// Jest Snapshot v1, https://goo.gl/fbAQLP

exports[`DurationLine should match the snapshot 1`] = `
ShallowWrapper {
  Symbol(enzyme.__root__): [Circular],
  Symbol(enzyme.__unrendered__): <DurationLines
    totalSteps={
        Object {
            "duration": 20,
            "eachStep": Array [
              20,
            ],
            "stepsSum": 1,
          }
    }
/>,
  Symbol(enzyme.__renderer__): Object {
    "batchedUpdates": [Function],
    "getNode": [Function],
    "render": [Function],
    "simulateError": [Function],
    "simulateEvent": [Function],
    "unmount": [Function],
  },
  Symbol(enzyme.__node__): Object {
    "instance": null,
    "key": undefined,
    "nodeType": "host",
    "props": Object {
      "children": Array [
        <div
          style={
                    Object {
                              "align-items": "center",
                              "display": "grid",
                              "grid-template-columns": "10px 1fr",
                            }
          }
>
          <span
                    className="dot"
          />
          <hr
                    className="line-duration"
                    style={
                              Object {
                                        "border": "1px solid black",
                                        "width": "100%",
                                      }
                    }
          />
</div>,
      ],
      "className": "line-container",
      "style": Object {
        "display": "flex",
        "width": "100%",
      },
    },
    "ref": null,
    "rendered": Array [
      Object {
        "instance": null,
        "key": "0",
        "nodeType": "host",
        "props": Object {
          "children": Array [
            <span
              className="dot"
/>,
            <hr
              className="line-duration"
              style={
                            Object {
                                          "border": "1px solid black",
                                          "width": "100%",
                                        }
              }
/>,
          ],
          "style": Object {
            "align-items": "center",
            "display": "grid",
            "grid-template-columns": "10px 1fr",
          },
        },
        "ref": null,
        "rendered": Array [
          Object {
            "instance": null,
            "key": undefined,
            "nodeType": "host",
            "props": Object {
              "className": "dot",
            },
            "ref": null,
            "rendered": null,
            "type": "span",
          },
          Object {
            "instance": null,
            "key": undefined,
            "nodeType": "host",
            "props": Object {
              "className": "line-duration",
              "style": Object {
                "border": "1px solid black",
                "width": "100%",
              },
            },
            "ref": null,
            "rendered": null,
            "type": "hr",
          },
        ],
        "type": "div",
      },
    ],
    "type": "div",
  },
  Symbol(enzyme.__nodes__): Array [
    Object {
      "instance": null,
      "key": undefined,
      "nodeType": "host",
      "props": Object {
        "children": Array [
          <div
            style={
                        Object {
                                    "align-items": "center",
                                    "display": "grid",
                                    "grid-template-columns": "10px 1fr",
                                  }
            }
>
            <span
                        className="dot"
            />
            <hr
                        className="line-duration"
                        style={
                                    Object {
                                                "border": "1px solid black",
                                                "width": "100%",
                                              }
                        }
            />
</div>,
        ],
        "className": "line-container",
        "style": Object {
          "display": "flex",
          "width": "100%",
        },
      },
      "ref": null,
      "rendered": Array [
        Object {
          "instance": null,
          "key": "0",
          "nodeType": "host",
          "props": Object {
            "children": Array [
              <span
                className="dot"
/>,
              <hr
                className="line-duration"
                style={
                                Object {
                                                "border": "1px solid black",
                                                "width": "100%",
                                              }
                }
/>,
            ],
            "style": Object {
              "align-items": "center",
              "display": "grid",
              "grid-template-columns": "10px 1fr",
            },
          },
          "ref": null,
          "rendered": Array [
            Object {
              "instance": null,
              "key": undefined,
              "nodeType": "host",
              "props": Object {
                "className": "dot",
              },
              "ref": null,
              "rendered": null,
              "type": "span",
            },
            Object {
              "instance": null,
              "key": undefined,
              "nodeType": "host",
              "props": Object {
                "className": "line-duration",
                "style": Object {
                  "border": "1px solid black",
                  "width": "100%",
                },
              },
              "ref": null,
              "rendered": null,
              "type": "hr",
            },
          ],
          "type": "div",
        },
      ],
      "type": "div",
    },
  ],
  Symbol(enzyme.__options__): Object {
    "adapter": ReactSixteenAdapter {
      "options": Object {
        "enableComponentDidUpdateOnSetState": true,
        "lifecycles": Object {
          "componentDidUpdate": Object {
            "onSetState": true,
          },
          "getDerivedStateFromProps": true,
          "getSnapshotBeforeUpdate": true,
          "setState": Object {
            "skipsComponentDidUpdateOnNullish": true,
          },
        },
      },
    },
    "attachTo": undefined,
    "hydrateIn": undefined,
  },
}
`;
