// Jest Snapshot v1, https://goo.gl/fbAQLP

exports[`Favorite should match snapshot 1`] = `
ShallowWrapper {
  Symbol(enzyme.__root__): [Circular],
  Symbol(enzyme.__unrendered__): <Favorite
    deleteFavorite={[Function]}
    favData={
        Object {
            "end_address": "1700 Wynkoop St, Denver, CO 80202, USA",
            "favorite": true,
            "id": 88,
            "start_address": "2201, 1100 14th St, Denver, CO 80202, United States",
          }
    }
    searchFavorite={[Function]}
/>,
  Symbol(enzyme.__renderer__): Object {
    "batchedUpdates": [Function],
    "getNode": [Function],
    "render": [Function],
    "simulateError": [Function],
    "simulateEvent": [Function],
    "unmount": [Function],
  },
  Symbol(enzyme.__node__): Object {
    "instance": null,
    "key": undefined,
    "nodeType": "host",
    "props": Object {
      "children": Array [
        <button
          className="favorite-button"
          onClick={[Function]}
          value={88}
>
          <div
                    className="address-container"
          >
                    <p
                              className="from-to"
                    >
                              From:
                    </p>
                    <p
                              className="address"
                    >
                              2201
                    </p>
          </div>
          <div
                    className="address-container"
          >
                    <p
                              className="from-to"
                    >
                              To:
                    </p>
                    <p
                              className="address"
                    >
                              1700 Wynkoop St
                    </p>
          </div>
</button>,
        <button
          className="favorite-delete-button"
          id={88}
          onClick={[Function]}
/>,
      ],
      "className": "favorite-button-container",
    },
    "ref": null,
    "rendered": Array [
      Object {
        "instance": null,
        "key": undefined,
        "nodeType": "host",
        "props": Object {
          "children": Array [
            <div
              className="address-container"
>
              <p
                            className="from-to"
              >
                            From:
              </p>
              <p
                            className="address"
              >
                            2201
              </p>
</div>,
            <div
              className="address-container"
>
              <p
                            className="from-to"
              >
                            To:
              </p>
              <p
                            className="address"
              >
                            1700 Wynkoop St
              </p>
</div>,
          ],
          "className": "favorite-button",
          "onClick": [Function],
          "value": 88,
        },
        "ref": null,
        "rendered": Array [
          Object {
            "instance": null,
            "key": undefined,
            "nodeType": "host",
            "props": Object {
              "children": Array [
                <p
                  className="from-to"
>
                  From:
</p>,
                <p
                  className="address"
>
                  2201
</p>,
              ],
              "className": "address-container",
            },
            "ref": null,
            "rendered": Array [
              Object {
                "instance": null,
                "key": undefined,
                "nodeType": "host",
                "props": Object {
                  "children": "From:",
                  "className": "from-to",
                },
                "ref": null,
                "rendered": "From:",
                "type": "p",
              },
              Object {
                "instance": null,
                "key": undefined,
                "nodeType": "host",
                "props": Object {
                  "children": "2201",
                  "className": "address",
                },
                "ref": null,
                "rendered": "2201",
                "type": "p",
              },
            ],
            "type": "div",
          },
          Object {
            "instance": null,
            "key": undefined,
            "nodeType": "host",
            "props": Object {
              "children": Array [
                <p
                  className="from-to"
>
                  To:
</p>,
                <p
                  className="address"
>
                  1700 Wynkoop St
</p>,
              ],
              "className": "address-container",
            },
            "ref": null,
            "rendered": Array [
              Object {
                "instance": null,
                "key": undefined,
                "nodeType": "host",
                "props": Object {
                  "children": "To:",
                  "className": "from-to",
                },
                "ref": null,
                "rendered": "To:",
                "type": "p",
              },
              Object {
                "instance": null,
                "key": undefined,
                "nodeType": "host",
                "props": Object {
                  "children": "1700 Wynkoop St",
                  "className": "address",
                },
                "ref": null,
                "rendered": "1700 Wynkoop St",
                "type": "p",
              },
            ],
            "type": "div",
          },
        ],
        "type": "button",
      },
      Object {
        "instance": null,
        "key": undefined,
        "nodeType": "host",
        "props": Object {
          "className": "favorite-delete-button",
          "id": 88,
          "onClick": [Function],
        },
        "ref": null,
        "rendered": null,
        "type": "button",
      },
    ],
    "type": "div",
  },
  Symbol(enzyme.__nodes__): Array [
    Object {
      "instance": null,
      "key": undefined,
      "nodeType": "host",
      "props": Object {
        "children": Array [
          <button
            className="favorite-button"
            onClick={[Function]}
            value={88}
>
            <div
                        className="address-container"
            >
                        <p
                                    className="from-to"
                        >
                                    From:
                        </p>
                        <p
                                    className="address"
                        >
                                    2201
                        </p>
            </div>
            <div
                        className="address-container"
            >
                        <p
                                    className="from-to"
                        >
                                    To:
                        </p>
                        <p
                                    className="address"
                        >
                                    1700 Wynkoop St
                        </p>
            </div>
</button>,
          <button
            className="favorite-delete-button"
            id={88}
            onClick={[Function]}
/>,
        ],
        "className": "favorite-button-container",
      },
      "ref": null,
      "rendered": Array [
        Object {
          "instance": null,
          "key": undefined,
          "nodeType": "host",
          "props": Object {
            "children": Array [
              <div
                className="address-container"
>
                <p
                                className="from-to"
                >
                                From:
                </p>
                <p
                                className="address"
                >
                                2201
                </p>
</div>,
              <div
                className="address-container"
>
                <p
                                className="from-to"
                >
                                To:
                </p>
                <p
                                className="address"
                >
                                1700 Wynkoop St
                </p>
</div>,
            ],
            "className": "favorite-button",
            "onClick": [Function],
            "value": 88,
          },
          "ref": null,
          "rendered": Array [
            Object {
              "instance": null,
              "key": undefined,
              "nodeType": "host",
              "props": Object {
                "children": Array [
                  <p
                    className="from-to"
>
                    From:
</p>,
                  <p
                    className="address"
>
                    2201
</p>,
                ],
                "className": "address-container",
              },
              "ref": null,
              "rendered": Array [
                Object {
                  "instance": null,
                  "key": undefined,
                  "nodeType": "host",
                  "props": Object {
                    "children": "From:",
                    "className": "from-to",
                  },
                  "ref": null,
                  "rendered": "From:",
                  "type": "p",
                },
                Object {
                  "instance": null,
                  "key": undefined,
                  "nodeType": "host",
                  "props": Object {
                    "children": "2201",
                    "className": "address",
                  },
                  "ref": null,
                  "rendered": "2201",
                  "type": "p",
                },
              ],
              "type": "div",
            },
            Object {
              "instance": null,
              "key": undefined,
              "nodeType": "host",
              "props": Object {
                "children": Array [
                  <p
                    className="from-to"
>
                    To:
</p>,
                  <p
                    className="address"
>
                    1700 Wynkoop St
</p>,
                ],
                "className": "address-container",
              },
              "ref": null,
              "rendered": Array [
                Object {
                  "instance": null,
                  "key": undefined,
                  "nodeType": "host",
                  "props": Object {
                    "children": "To:",
                    "className": "from-to",
                  },
                  "ref": null,
                  "rendered": "To:",
                  "type": "p",
                },
                Object {
                  "instance": null,
                  "key": undefined,
                  "nodeType": "host",
                  "props": Object {
                    "children": "1700 Wynkoop St",
                    "className": "address",
                  },
                  "ref": null,
                  "rendered": "1700 Wynkoop St",
                  "type": "p",
                },
              ],
              "type": "div",
            },
          ],
          "type": "button",
        },
        Object {
          "instance": null,
          "key": undefined,
          "nodeType": "host",
          "props": Object {
            "className": "favorite-delete-button",
            "id": 88,
            "onClick": [Function],
          },
          "ref": null,
          "rendered": null,
          "type": "button",
        },
      ],
      "type": "div",
    },
  ],
  Symbol(enzyme.__options__): Object {
    "adapter": ReactSixteenAdapter {
      "options": Object {
        "enableComponentDidUpdateOnSetState": true,
        "lifecycles": Object {
          "componentDidUpdate": Object {
            "onSetState": true,
          },
          "getDerivedStateFromProps": true,
          "getSnapshotBeforeUpdate": true,
          "setState": Object {
            "skipsComponentDidUpdateOnNullish": true,
          },
        },
      },
    },
    "attachTo": undefined,
    "hydrateIn": undefined,
  },
}
`;
