// Jest Snapshot v1, https://goo.gl/fbAQLP

exports[`PasswordChange should matchSnapshot 1`] = `
ShallowWrapper {
  Symbol(enzyme.__root__): [Circular],
  Symbol(enzyme.__unrendered__): <PasswordChangeForm />,
  Symbol(enzyme.__renderer__): Object {
    "batchedUpdates": [Function],
    "getNode": [Function],
    "render": [Function],
    "simulateError": [Function],
    "simulateEvent": [Function],
    "unmount": [Function],
  },
  Symbol(enzyme.__node__): Object {
    "instance": null,
    "key": undefined,
    "nodeType": "host",
    "props": Object {
      "children": Array [
        <h3
          className="title"
>
          Would you like to change your password?
</h3>,
        <div
          className="input-container"
>
          <input
                    className="input"
                    name="passwordOne"
                    onChange={[Function]}
                    placeholder="New Password"
                    type="password"
                    value=""
          />
          <button
                    className="delete-button"
                    name="passwordOne"
                    onClick={[Function]}
          />
</div>,
        <div
          className="input-container last-input-container"
>
          <input
                    className="input"
                    name="passwordTwo"
                    onChange={[Function]}
                    placeholder="Confirm New Password"
                    type="password"
                    value=""
          />
          <button
                    className="delete-button"
                    name="passwordTwo"
                    onClick={[Function]}
          />
</div>,
        <button
          className="button"
          disabled={true}
          type="submit"
>
          Reset My Password
</button>,
        null,
      ],
      "className": "form",
      "onSubmit": [Function],
    },
    "ref": null,
    "rendered": Array [
      Object {
        "instance": null,
        "key": undefined,
        "nodeType": "host",
        "props": Object {
          "children": "Would you like to change your password?",
          "className": "title",
        },
        "ref": null,
        "rendered": "Would you like to change your password?",
        "type": "h3",
      },
      Object {
        "instance": null,
        "key": undefined,
        "nodeType": "host",
        "props": Object {
          "children": Array [
            <input
              className="input"
              name="passwordOne"
              onChange={[Function]}
              placeholder="New Password"
              type="password"
              value=""
/>,
            <button
              className="delete-button"
              name="passwordOne"
              onClick={[Function]}
/>,
          ],
          "className": "input-container",
        },
        "ref": null,
        "rendered": Array [
          Object {
            "instance": null,
            "key": undefined,
            "nodeType": "host",
            "props": Object {
              "className": "input",
              "name": "passwordOne",
              "onChange": [Function],
              "placeholder": "New Password",
              "type": "password",
              "value": "",
            },
            "ref": null,
            "rendered": null,
            "type": "input",
          },
          Object {
            "instance": null,
            "key": undefined,
            "nodeType": "host",
            "props": Object {
              "className": "delete-button",
              "name": "passwordOne",
              "onClick": [Function],
            },
            "ref": null,
            "rendered": null,
            "type": "button",
          },
        ],
        "type": "div",
      },
      Object {
        "instance": null,
        "key": undefined,
        "nodeType": "host",
        "props": Object {
          "children": Array [
            <input
              className="input"
              name="passwordTwo"
              onChange={[Function]}
              placeholder="Confirm New Password"
              type="password"
              value=""
/>,
            <button
              className="delete-button"
              name="passwordTwo"
              onClick={[Function]}
/>,
          ],
          "className": "input-container last-input-container",
        },
        "ref": null,
        "rendered": Array [
          Object {
            "instance": null,
            "key": undefined,
            "nodeType": "host",
            "props": Object {
              "className": "input",
              "name": "passwordTwo",
              "onChange": [Function],
              "placeholder": "Confirm New Password",
              "type": "password",
              "value": "",
            },
            "ref": null,
            "rendered": null,
            "type": "input",
          },
          Object {
            "instance": null,
            "key": undefined,
            "nodeType": "host",
            "props": Object {
              "className": "delete-button",
              "name": "passwordTwo",
              "onClick": [Function],
            },
            "ref": null,
            "rendered": null,
            "type": "button",
          },
        ],
        "type": "div",
      },
      Object {
        "instance": null,
        "key": undefined,
        "nodeType": "host",
        "props": Object {
          "children": "Reset My Password",
          "className": "button",
          "disabled": true,
          "type": "submit",
        },
        "ref": null,
        "rendered": "Reset My Password",
        "type": "button",
      },
      null,
    ],
    "type": "form",
  },
  Symbol(enzyme.__nodes__): Array [
    Object {
      "instance": null,
      "key": undefined,
      "nodeType": "host",
      "props": Object {
        "children": Array [
          <h3
            className="title"
>
            Would you like to change your password?
</h3>,
          <div
            className="input-container"
>
            <input
                        className="input"
                        name="passwordOne"
                        onChange={[Function]}
                        placeholder="New Password"
                        type="password"
                        value=""
            />
            <button
                        className="delete-button"
                        name="passwordOne"
                        onClick={[Function]}
            />
</div>,
          <div
            className="input-container last-input-container"
>
            <input
                        className="input"
                        name="passwordTwo"
                        onChange={[Function]}
                        placeholder="Confirm New Password"
                        type="password"
                        value=""
            />
            <button
                        className="delete-button"
                        name="passwordTwo"
                        onClick={[Function]}
            />
</div>,
          <button
            className="button"
            disabled={true}
            type="submit"
>
            Reset My Password
</button>,
          null,
        ],
        "className": "form",
        "onSubmit": [Function],
      },
      "ref": null,
      "rendered": Array [
        Object {
          "instance": null,
          "key": undefined,
          "nodeType": "host",
          "props": Object {
            "children": "Would you like to change your password?",
            "className": "title",
          },
          "ref": null,
          "rendered": "Would you like to change your password?",
          "type": "h3",
        },
        Object {
          "instance": null,
          "key": undefined,
          "nodeType": "host",
          "props": Object {
            "children": Array [
              <input
                className="input"
                name="passwordOne"
                onChange={[Function]}
                placeholder="New Password"
                type="password"
                value=""
/>,
              <button
                className="delete-button"
                name="passwordOne"
                onClick={[Function]}
/>,
            ],
            "className": "input-container",
          },
          "ref": null,
          "rendered": Array [
            Object {
              "instance": null,
              "key": undefined,
              "nodeType": "host",
              "props": Object {
                "className": "input",
                "name": "passwordOne",
                "onChange": [Function],
                "placeholder": "New Password",
                "type": "password",
                "value": "",
              },
              "ref": null,
              "rendered": null,
              "type": "input",
            },
            Object {
              "instance": null,
              "key": undefined,
              "nodeType": "host",
              "props": Object {
                "className": "delete-button",
                "name": "passwordOne",
                "onClick": [Function],
              },
              "ref": null,
              "rendered": null,
              "type": "button",
            },
          ],
          "type": "div",
        },
        Object {
          "instance": null,
          "key": undefined,
          "nodeType": "host",
          "props": Object {
            "children": Array [
              <input
                className="input"
                name="passwordTwo"
                onChange={[Function]}
                placeholder="Confirm New Password"
                type="password"
                value=""
/>,
              <button
                className="delete-button"
                name="passwordTwo"
                onClick={[Function]}
/>,
            ],
            "className": "input-container last-input-container",
          },
          "ref": null,
          "rendered": Array [
            Object {
              "instance": null,
              "key": undefined,
              "nodeType": "host",
              "props": Object {
                "className": "input",
                "name": "passwordTwo",
                "onChange": [Function],
                "placeholder": "Confirm New Password",
                "type": "password",
                "value": "",
              },
              "ref": null,
              "rendered": null,
              "type": "input",
            },
            Object {
              "instance": null,
              "key": undefined,
              "nodeType": "host",
              "props": Object {
                "className": "delete-button",
                "name": "passwordTwo",
                "onClick": [Function],
              },
              "ref": null,
              "rendered": null,
              "type": "button",
            },
          ],
          "type": "div",
        },
        Object {
          "instance": null,
          "key": undefined,
          "nodeType": "host",
          "props": Object {
            "children": "Reset My Password",
            "className": "button",
            "disabled": true,
            "type": "submit",
          },
          "ref": null,
          "rendered": "Reset My Password",
          "type": "button",
        },
        null,
      ],
      "type": "form",
    },
  ],
  Symbol(enzyme.__options__): Object {
    "adapter": ReactSixteenAdapter {
      "options": Object {
        "enableComponentDidUpdateOnSetState": true,
        "lifecycles": Object {
          "componentDidUpdate": Object {
            "onSetState": true,
          },
          "getDerivedStateFromProps": true,
          "getSnapshotBeforeUpdate": true,
          "setState": Object {
            "skipsComponentDidUpdateOnNullish": true,
          },
        },
      },
    },
    "attachTo": undefined,
    "hydrateIn": undefined,
  },
}
`;
