// Jest Snapshot v1, https://goo.gl/fbAQLP

exports[`RecentCard should match snapshot 1`] = `
ShallowWrapper {
  Symbol(enzyme.__root__): [Circular],
  Symbol(enzyme.__unrendered__): <RecentCard
    props={
        Object {
            "recentData": Object {
              "end_address": "Union Station, Denver, CO 80202, USA",
              "favorite": false,
              "id": 199,
              "start_address": "3069 S Ogden St, Englewood, CO 80113, USA",
            },
            "searchRecent": [Function],
          }
    }
    recentData={
        Object {
            "end_address": "Union Station, Denver, CO 80202, USA",
            "favorite": false,
            "id": 199,
            "start_address": "3069 S Ogden St, Englewood, CO 80113, USA",
          }
    }
/>,
  Symbol(enzyme.__renderer__): Object {
    "batchedUpdates": [Function],
    "getNode": [Function],
    "render": [Function],
    "simulateError": [Function],
    "simulateEvent": [Function],
    "unmount": [Function],
  },
  Symbol(enzyme.__node__): Object {
    "instance": null,
    "key": undefined,
    "nodeType": "host",
    "props": Object {
      "children": Array [
        <div
          className="address-container"
>
          <p
                    className="from-to"
          >
                    From:
          </p>
          <p
                    className="address"
          >
                    3069 S Ogden St
          </p>
</div>,
        <div
          className="address-container"
>
          <p
                    className="from-to"
          >
                    To:
          </p>
          <p
                    className="address"
          >
                    Union Station
          </p>
</div>,
      ],
      "className": "recent-button",
      "onClick": [Function],
    },
    "ref": null,
    "rendered": Array [
      Object {
        "instance": null,
        "key": undefined,
        "nodeType": "host",
        "props": Object {
          "children": Array [
            <p
              className="from-to"
>
              From:
</p>,
            <p
              className="address"
>
              3069 S Ogden St
</p>,
          ],
          "className": "address-container",
        },
        "ref": null,
        "rendered": Array [
          Object {
            "instance": null,
            "key": undefined,
            "nodeType": "host",
            "props": Object {
              "children": "From:",
              "className": "from-to",
            },
            "ref": null,
            "rendered": "From:",
            "type": "p",
          },
          Object {
            "instance": null,
            "key": undefined,
            "nodeType": "host",
            "props": Object {
              "children": "3069 S Ogden St",
              "className": "address",
            },
            "ref": null,
            "rendered": "3069 S Ogden St",
            "type": "p",
          },
        ],
        "type": "div",
      },
      Object {
        "instance": null,
        "key": undefined,
        "nodeType": "host",
        "props": Object {
          "children": Array [
            <p
              className="from-to"
>
              To:
</p>,
            <p
              className="address"
>
              Union Station
</p>,
          ],
          "className": "address-container",
        },
        "ref": null,
        "rendered": Array [
          Object {
            "instance": null,
            "key": undefined,
            "nodeType": "host",
            "props": Object {
              "children": "To:",
              "className": "from-to",
            },
            "ref": null,
            "rendered": "To:",
            "type": "p",
          },
          Object {
            "instance": null,
            "key": undefined,
            "nodeType": "host",
            "props": Object {
              "children": "Union Station",
              "className": "address",
            },
            "ref": null,
            "rendered": "Union Station",
            "type": "p",
          },
        ],
        "type": "div",
      },
    ],
    "type": "button",
  },
  Symbol(enzyme.__nodes__): Array [
    Object {
      "instance": null,
      "key": undefined,
      "nodeType": "host",
      "props": Object {
        "children": Array [
          <div
            className="address-container"
>
            <p
                        className="from-to"
            >
                        From:
            </p>
            <p
                        className="address"
            >
                        3069 S Ogden St
            </p>
</div>,
          <div
            className="address-container"
>
            <p
                        className="from-to"
            >
                        To:
            </p>
            <p
                        className="address"
            >
                        Union Station
            </p>
</div>,
        ],
        "className": "recent-button",
        "onClick": [Function],
      },
      "ref": null,
      "rendered": Array [
        Object {
          "instance": null,
          "key": undefined,
          "nodeType": "host",
          "props": Object {
            "children": Array [
              <p
                className="from-to"
>
                From:
</p>,
              <p
                className="address"
>
                3069 S Ogden St
</p>,
            ],
            "className": "address-container",
          },
          "ref": null,
          "rendered": Array [
            Object {
              "instance": null,
              "key": undefined,
              "nodeType": "host",
              "props": Object {
                "children": "From:",
                "className": "from-to",
              },
              "ref": null,
              "rendered": "From:",
              "type": "p",
            },
            Object {
              "instance": null,
              "key": undefined,
              "nodeType": "host",
              "props": Object {
                "children": "3069 S Ogden St",
                "className": "address",
              },
              "ref": null,
              "rendered": "3069 S Ogden St",
              "type": "p",
            },
          ],
          "type": "div",
        },
        Object {
          "instance": null,
          "key": undefined,
          "nodeType": "host",
          "props": Object {
            "children": Array [
              <p
                className="from-to"
>
                To:
</p>,
              <p
                className="address"
>
                Union Station
</p>,
            ],
            "className": "address-container",
          },
          "ref": null,
          "rendered": Array [
            Object {
              "instance": null,
              "key": undefined,
              "nodeType": "host",
              "props": Object {
                "children": "To:",
                "className": "from-to",
              },
              "ref": null,
              "rendered": "To:",
              "type": "p",
            },
            Object {
              "instance": null,
              "key": undefined,
              "nodeType": "host",
              "props": Object {
                "children": "Union Station",
                "className": "address",
              },
              "ref": null,
              "rendered": "Union Station",
              "type": "p",
            },
          ],
          "type": "div",
        },
      ],
      "type": "button",
    },
  ],
  Symbol(enzyme.__options__): Object {
    "adapter": ReactSixteenAdapter {
      "options": Object {
        "enableComponentDidUpdateOnSetState": true,
        "lifecycles": Object {
          "componentDidUpdate": Object {
            "onSetState": true,
          },
          "getDerivedStateFromProps": true,
          "getSnapshotBeforeUpdate": true,
          "setState": Object {
            "skipsComponentDidUpdateOnNullish": true,
          },
        },
      },
    },
    "attachTo": undefined,
    "hydrateIn": undefined,
  },
}
`;
